// Jest Snapshot v1, https://goo.gl/fbAQLP

exports[`DatePicker should match snapshot 1`] = `
<div>
  <div
    class="datewrap"
  >
    <button
      class="date-text"
    >
      <p>
        <svg
          class="task-img"
        >
          calendar.svg
        </svg>
      </p>
      <p />
    </button>
  </div>
</div>
`;
